The "3-say_my_name" module
==========================

Using the say_my_name function
------------------------------

>>> say_my_name = __import__("3-say_my_name").say_my_name

# Valid cases
>>> say_my_name("Jane", "Doe")
My name is Jane Doe

>>> say_my_name("John")
My name is John 

>>> say_my_name("Alice", "")
My name is Alice 

# Invalid cases
>>> say_my_name(10, "Smith")
Traceback (most recent call last):
...
TypeError: first_name must be a string

>>> say_my_name("Max", False)
Traceback (most recent call last):
...
TypeError: last_name must be a string

>>> say_my_name([], {})
Traceback (most recent call last):
...
TypeError: first_name must be a string

>>> say_my_name()
Traceback (most recent call last):
...
TypeError: say_my_name() missing 1 required positional argument: 'first_name'
